# Logfile created on 2026-08-21 17:41:48 +0000 by logger.rb/v1.7.0
[2026-08-21T17:41:49+00:00] INFO: Started Cinc Zero at chefzero://localhost:1 with repository at /opt/gitlab/embedded (One version per cookbook)
[2026-08-21T17:41:49+00:00] INFO: *** Cinc Client 18.3.0 ***
[2026-08-21T17:41:49+00:00] INFO: Platform: x86_64-linux
[2026-08-21T17:41:49+00:00] INFO: Cinc-client pid: 39
[2026-08-21T17:41:50+00:00] INFO: Setting the run_list to ["recipe[gitlab-base]"] from CLI options
[2026-08-21T17:41:50+00:00] INFO: Run List is [recipe[gitlab-base]]
[2026-08-21T17:41:50+00:00] INFO: Run List expands to [gitlab-base]
[2026-08-21T17:41:50+00:00] INFO: Starting Cinc Client Run for b6496274135b
[2026-08-21T17:41:50+00:00] INFO: Running start handlers
[2026-08-21T17:41:50+00:00] INFO: Start handlers complete.
[2026-08-21T17:41:51+00:00] INFO: Loading cookbooks [gitlab-base@0.1.0, package@0.1.0, gitlab@0.0.1, runit@5.1.7, logrotate@0.1.0, postgresql@0.1.0, redis@0.1.0, monitoring@0.1.0, registry@0.1.0, mattermost@0.1.0, consul@0.1.0, gitaly@0.1.0, praefect@0.1.0, gitlab-kas@0.1.0, gitlab-pages@0.1.0, letsencrypt@0.1.0, nginx@0.1.0, oak@0.1.0, acme@4.2.2, crond@0.1.0]
[2026-08-21T17:41:54+00:00] INFO: Generating default secrets
[2026-08-21T17:41:54+00:00] INFO: Generating /etc/gitlab/gitlab-secrets.json file
[2026-08-21T17:41:54+00:00] INFO: Skipped selecting an init system because it was explicitly disabled
[2026-08-21T17:41:55+00:00] WARN: gitlab-rails does not have a log_group or default logdir mode defined. Setting to 0700.
[2026-08-21T17:41:55+00:00] WARN: gitlab-shell does not have a log_group or default logdir mode defined. Setting to 0700.
[2026-08-21T17:41:55+00:00] WARN: gitlab-sshd does not have a log_group or default logdir mode defined. Setting to 0700.
[2026-08-21T17:41:55+00:00] WARN: logrotate does not have a log_group or default logdir mode defined. Setting to 0700.
[2026-08-21T17:41:55+00:00] WARN: logrotate does not have a log_group or default logdir mode defined. Setting to 0700.
[2026-08-21T17:41:55+00:00] WARN: puma does not have a log_group or default logdir mode defined. Setting to 0700.
[2026-08-21T17:41:55+00:00] WARN: gitlab-rails does not have a log_group or default logdir mode defined. Setting to 0700.
[2026-08-21T17:41:55+00:00] WARN: gitlab-shell does not have a log_group or default logdir mode defined. Setting to 0700.
[2026-08-21T17:41:55+00:00] WARN: gitlab-workhorse does not have a log_group or default logdir mode defined. Setting to 0700.
[2026-08-21T17:41:55+00:00] WARN: gitlab-pages does not have a log_group or default logdir mode defined. Setting to 0700.
[2026-08-21T17:41:55+00:00] WARN: gitlab-kas does not have a log_group or default logdir mode defined. Setting to 0700.
[2026-08-21T17:41:55+00:00] WARN: gitaly does not have a log_group or default logdir mode defined. Setting to 0700.
[2026-08-21T17:41:55+00:00] WARN: mailroom does not have a log_group or default logdir mode defined. Setting to 0700.
[2026-08-21T17:41:55+00:00] WARN: gitaly does not have a log_group or default logdir mode defined. Setting to 0700.
[2026-08-21T17:41:55+00:00] WARN: postgresql does not have a log_group or default logdir mode defined. Setting to 0700.
[2026-08-21T17:41:55+00:00] WARN: postgresql does not have a log_group or default logdir mode defined. Setting to 0700.
[2026-08-21T17:41:55+00:00] WARN: gitlab-kas does not have a log_group or default logdir mode defined. Setting to 0700.
[2026-08-21T17:41:55+00:00] WARN: puma does not have a log_group or default logdir mode defined. Setting to 0700.
[2026-08-21T17:41:55+00:00] WARN: sidekiq does not have a log_group or default logdir mode defined. Setting to 0700.
[2026-08-21T17:41:55+00:00] WARN: gitlab-workhorse does not have a log_group or default logdir mode defined. Setting to 0700.
[2026-08-21T17:41:55+00:00] WARN: gitlab-exporter does not have a log_group or default logdir mode defined. Setting to 0700.
[2026-08-21T17:41:55+00:00] WARN: redis-exporter does not have a log_group or default logdir mode defined. Setting to 0700.
[2026-08-21T17:41:55+00:00] WARN: prometheus does not have a log_group or default logdir mode defined. Setting to 0700.
[2026-08-21T17:41:55+00:00] WARN: alertmanager does not have a log_group or default logdir mode defined. Setting to 0700.
[2026-08-21T17:41:55+00:00] WARN: postgres-exporter does not have a log_group or default logdir mode defined. Setting to 0700.
[2026-08-21T17:41:56+00:00] WARN: only_if block for templatesymlink[Create a gitlab_pages_secret and create a symlink to Rails root] returned a string, did you mean to run a command?
[2026-08-21T17:41:56+00:00] WARN: only_if block for templatesymlink[Create a gitlab_kas_secret and create a symlink to Rails root] returned a string, did you mean to run a command?
[2026-08-21T17:41:57+00:00] INFO: link[/opt/gitlab/service/logrotate] created
[2026-08-21T17:41:57+00:00] WARN: redis does not have a log_group or default logdir mode defined. Setting to 0700.
[2026-08-21T17:41:57+00:00] INFO: link[/opt/gitlab/service/redis] created
[2026-08-21T17:41:57+00:00] INFO: link[/opt/gitlab/service/gitaly] created
[2026-08-21T17:42:03+00:00] INFO: link[/opt/gitlab/service/postgresql] created
[2026-08-21T17:42:04+00:00] INFO: link[/opt/gitlab/service/gitlab-kas] created
[2026-08-21T17:42:04+00:00] WARN: gitlab-rails does not have a log_group or default logdir mode defined. Setting to 0700.
[2026-08-21T17:42:04+00:00] INFO: link[/opt/gitlab/service/puma] created
[2026-08-21T17:42:04+00:00] WARN: sidekiq does not have a log_group or default logdir mode defined. Setting to 0700.
[2026-08-21T17:42:05+00:00] INFO: link[/opt/gitlab/service/sidekiq] created
[2026-08-21T17:42:05+00:00] INFO: link[/opt/gitlab/service/gitlab-workhorse] created
[2026-08-21T17:42:06+00:00] INFO: link[/opt/gitlab/service/nginx] created
[2026-08-21T17:42:06+00:00] INFO: link[/opt/gitlab/service/gitlab-exporter] created
[2026-08-21T17:42:07+00:00] INFO: link[/opt/gitlab/service/redis-exporter] created
[2026-08-21T17:42:07+00:00] INFO: link[/opt/gitlab/service/prometheus] created
[2026-08-21T17:42:08+00:00] INFO: link[/opt/gitlab/service/alertmanager] created
[2026-08-21T17:42:08+00:00] INFO: link[/opt/gitlab/service/postgres-exporter] created
[2026-08-21T17:42:08+00:00] INFO: Cinc Client Run complete in 18.609063169 seconds
[2026-08-21T17:42:08+00:00] INFO: Running report handlers
[2026-08-21T17:42:08+00:00] INFO: Report handlers complete
