Skipping Topology Service health check due to the cell being disabled
Running db:schema:load rake task
psql:/opt/gitlab/embedded/service/gitlab-rails/db/structure.sql:9: NOTICE:  extension "btree_gist" already exists, skipping
psql:/opt/gitlab/embedded/service/gitlab-rails/db/structure.sql:11: NOTICE:  extension "pg_trgm" already exists, skipping
Skipping altering cell sequences range due to the cell being disabled

== Seed from /opt/gitlab/embedded/service/gitlab-rails/db/fixtures/production/001_application_settings.rb
Creating the default ApplicationSetting record.
== /opt/gitlab/embedded/service/gitlab-rails/db/fixtures/production/001_application_settings.rb took 4.33 seconds

== Seed from /opt/gitlab/embedded/service/gitlab-rails/db/fixtures/production/002_default_organization.rb

OK
== /opt/gitlab/embedded/service/gitlab-rails/db/fixtures/production/002_default_organization.rb took 0.07 seconds

== Seed from /opt/gitlab/embedded/service/gitlab-rails/db/fixtures/production/003_admin.rb
Administrator account created:

login:    root
password: ******

== /opt/gitlab/embedded/service/gitlab-rails/db/fixtures/production/003_admin.rb took 2.25 seconds

== Seed from /opt/gitlab/embedded/service/gitlab-rails/db/fixtures/production/010_settings.rb
Saved CI JWT signing key
Saved CI Job Token signing key
== /opt/gitlab/embedded/service/gitlab-rails/db/fixtures/production/010_settings.rb took 0.31 seconds
== Seeding took 6.97 seconds
Running gitlab:clickhouse:migrate:main rake task
The 'main' ClickHouse database is not configured, skipping migrations
